// Jest Snapshot v1, https://goo.gl/fbAQLP

exports[`ServiceConfiguration verifies custom config 1`] = `
Object {
  "logConfig": Object {
    "logInConsole": Object {
      "default": true,
      "doc": "Property to decide if console logging is enabled",
      "format": "Boolean",
    },
  },
  "queueConfig": Object {
    "maxQueueSize": Object {
      "default": 10,
      "doc": "Maximum message count in scan request queue.",
      "format": "int",
    },
    "messageVisibilityTimeoutInSeconds": Object {
      "default": 2700,
      "doc": "Message visibility timeout in seconds. Must correlate with jobManagerConfig.maxWallClockTimeInMinutes config value.",
      "format": "int",
    },
  },
  "restApiConfig": Object {
    "maxScanPriorityValue": Object {
      "default": 1000,
      "doc": "Priority values can range from -1000 to 1000, with -1000 being the lowest priority and 1000 being the highest priority.                        This range correlates with Azure Batch pool task priority range.",
      "format": "int",
    },
    "minScanPriorityValue": Object {
      "default": -1000,
      "doc": "Priority values can range from -1000 to 1000, with -1000 being the lowest priority and 1000 being the highest priority.                        This range correlates with Azure Batch pool task priority range.",
      "format": "int",
    },
  },
}
`;

exports[`ServiceConfiguration verifies dev config 1`] = `
Object {
  "logConfig": Object {
    "logInConsole": Object {
      "default": true,
      "doc": "Property to decide if console logging is enabled",
      "format": "Boolean",
    },
  },
  "queueConfig": Object {
    "maxQueueSize": Object {
      "default": 10,
      "doc": "Maximum message count in scan request queue.",
      "format": "int",
    },
    "messageVisibilityTimeoutInSeconds": Object {
      "default": 2700,
      "doc": "Message visibility timeout in seconds. Must correlate with jobManagerConfig.maxWallClockTimeInMinutes config value.",
      "format": "int",
    },
  },
  "restApiConfig": Object {
    "maxScanPriorityValue": Object {
      "default": 1000,
      "doc": "Priority values can range from -1000 to 1000, with -1000 being the lowest priority and 1000 being the highest priority.                        This range correlates with Azure Batch pool task priority range.",
      "format": "int",
    },
    "minScanPriorityValue": Object {
      "default": -1000,
      "doc": "Priority values can range from -1000 to 1000, with -1000 being the lowest priority and 1000 being the highest priority.                        This range correlates with Azure Batch pool task priority range.",
      "format": "int",
    },
  },
}
`;
